
> free-nextjs-admin-dashboard@2.2.2 build
> next build

node.exe : ΓÜá 
Warning: Next.js 
inferred your 
workspace root, but 
it may not be 
correct.
At line:1 char:1
+ & "C:\Program Files
\nodejs/node.exe" 
"C:\Users\Fast 
Computers\AppData ...
+ ~~~~~~~~~~~~~~~~~~~
~~~~~~~~~~~~~~~~~~~~~
~~~~~~~~~~~~~~~~~~~~~
~~~~~~~~
    + CategoryInfo   
           : NotSpe  
  cified: (ΓÜá War   
 ning: Ne...not b    
e correct.:Strin    
g) [], RemoteExc    
eption
    + FullyQualified 
   ErrorId : Native  
  CommandError
 
 We detected 
multiple lockfiles 
and selected the 
directory of 
C:\Users\Fast Compute
rs\package-lock.json 
as the root 
directory.
 To silence this 
warning, set 
`turbopack.root` in 
your Next.js config, 
or consider removing 
one of the lockfiles 
if it's not needed.
   See https://nextjs
.org/docs/app/api-ref
erence/config/next-co
nfig-js/turbopack#roo
t-directory for more 
information.
 Detected additional 
lockfiles: 
   * C:\Users\Fast Co
mputers\Desktop\New 
folder (10)\aishoutly
-a11y-frontend\packag
e-lock.json

Γû▓ Next.js 16.1.1 (Turbopack)

  Creating an optimized production build ...
Γ£ô Compiled successfully in 28.9s
  Running TypeScript ...
  Collecting page data using 3 workers ...
  Generating static pages using 3 workers (0/40) ...
  Generating static pages using 3 workers (10/40) 
  Generating static pages using 3 workers (20/40) 
  Generating static pages using 3 workers (30/40) 
Γ£ô Generating static pages using 3 workers (40/40) in 2.4s
  Finalizing page optimization ...

Route (app)
Γöî Γùï /
Γö£ Γùï /_not-found
Γö£ Γùï /about
Γö£ Γùï /alerts
Γö£ Γùï /avatars
Γö£ Γùï /badge
Γö£ Γùï /bar-chart
Γö£ Γùï /basic-tables
Γö£ Γùï /billing
Γö£ Γùï /blank
Γö£ Γùï /brand-settings
Γö£ Γùï /buttons
Γö£ Γùï /calendar
Γö£ Γùï /contact
Γö£ Γùï /dashboard
Γö£ Γùï /error-404
Γö£ Γùï /forgot-password
Γö£ Γùï /form-elements
Γö£ Γùï /generate-content
Γö£ Γùï /images
Γö£ Γùï /interests
Γö£ Γùï /landing
Γö£ Γùï /library
Γö£ Γùï /line-chart
Γö£ Γùï /modals
Γö£ Γùï /new-password
Γö£ Γùï /privacy
Γö£ Γùï /profile
Γö£ Γùï /profile-setup
Γö£ Γùï /services
Γö£ Γùï /settings
Γö£ Γùï /signin
Γö£ Γùï /signup
Γö£ Γùï /social-accounts
Γö£ Γùï /success
Γö£ Γùï /terms
Γö£ Γùï /verify-email
Γöö Γùï /videos


Γùï  (Static)  prerendered as static content

